ERC report (2026-09-08T22:21:03, Encoding UTF8)
Report includes: Errors, Warnings, Exclusions

***** Sheet /
[lib_symbol_mismatch]: Symbol 'PWR_FLAG' doesn't match copy in library 'power'
    ; warning
    @(53.34 mm, 43.18 mm): Symbol #FLG02 [PWR_FLAG]
[lib_symbol_mismatch]: Symbol 'PWR_FLAG' doesn't match copy in library 'power'
    ; warning
    @(38.10 mm, 68.58 mm): Symbol #FLG01 [PWR_FLAG]
[lib_symbol_mismatch]: Symbol 'R' doesn't match copy in library 'Device'
    ; warning
    @(229.87 mm, 110.49 mm): Symbol R3 [R]
[lib_symbol_mismatch]: Symbol 'SW_Push' doesn't match copy in library 'Switch'
    ; warning
    @(229.87 mm, 139.70 mm): Symbol SW1 [SW_Push]

 ** ERC messages: 4  Errors 0  Warnings 4

 ** Ignored checks:
    - Global label only appears once in the schematic
    - Four connection points are joined together
    - Assigned footprint doesn't match footprint filters
